[taotajima.jp/index.html]
[backblue.gif]
[fade.gif]
[index.html]
[taotajima.jp/images/favicon/apple-touch-icon.png]
[taotajima.jp/images/favicon/favicon-32x32.png]
[taotajima.jp/images/favicon/favicon-16x16.png]
[taotajima.jp/manifest.json]
[taotajima.jp/images/favicon/safari-pinned-tab.svg]
[taotajima.jp/images/favicon/favicon.ico]
[taotajima.jp/css/main0251.css]
[taotajima.jp/js/lib-head.pack.min1e1c.js]
[taotajima.jp/about/index.html]
[taotajima.jp/works/night-stroll/index.html]
[taotajima.jp/works/index.html]
[taotajima.jp/works/MN/index.html]
[taotajima.jp/works/prism/index.html]
[taotajima.jp/images/list/prism.jpg]
[taotajima.jp/works/ATTESA/index.html]
[taotajima.jp/works/AJINOMOTO/index.html]
[taotajima.jp/images/list/ATTESA.jpg]
[taotajima.jp/images/list/AJINOMOTO.jpg]
[taotajima.jp/works/Magic/index.html]
[taotajima.jp/works/reiji-no-machi/index.html]
[taotajima.jp/images/list/MN.jpg]
[taotajima.jp/works/Sarazanmai/index.html]
[taotajima.jp/images/list/Sarazanmai.jpg]
[taotajima.jp/works/the-9d-project/index.html]
[taotajima.jp/images/list/Magic.jpg]
[taotajima.jp/works/mtv-ultrahits/index.html]
[taotajima.jp/images/list/the-9d-project.jpg]
[taotajima.jp/works/xperia-ear-duo/index.html]
[taotajima.jp/images/list/xperia-ear-duo.jpg]
[taotajima.jp/images/list/mtv-ultrahits.jpg]
[taotajima.jp/works/techne/index.html]
[taotajima.jp/images/list/reiji-no-machi.jpg]
[taotajima.jp/works/stripe-intl/index.html]
[taotajima.jp/images/list/stripe-intl.jpg]
[taotajima.jp/works/itsuka-no-hoshi/index.html]
[taotajima.jp/images/list/itsuka-no-hoshi.jpg]
[taotajima.jp/works/bravia-2017/index.html]
[taotajima.jp/images/list/bravia-2017.jpg]
[taotajima.jp/images/list/asa-dan.jpg]
[taotajima.jp/works/waxing-moon/index.html]
[taotajima.jp/works/asa-dan/index.html]
[taotajima.jp/images/list/techne.jpg]
[taotajima.jp/works/xperia-ear/index.html]
[taotajima.jp/works/sstv/index.html]
[taotajima.jp/images/list/waxing-moon.jpg]
[taotajima.jp/images/list/xperia-ear.jpg]
[taotajima.jp/images/list/sstv.jpg]
[taotajima.jp/index.html]
[taotajima.jp/images/favicon/safari-pinned-tab.svg]
[taotajima.jp/css/main0251.css]
[taotajima.jp/about/index.html]
[taotajima.jp/works/index.html]
[taotajima.jp/images/list/night-stroll.jpg]
[taotajima.jp/works/night-stroll/index.html]
[taotajima.jp/js/main1e1c.js]
[taotajima.jp/works/MN/index.html]
[taotajima.jp/works/prism/index.html]
[taotajima.jp/works/ATTESA/index.html]
[taotajima.jp/works/AJINOMOTO/index.html]
[taotajima.jp/works/Magic/index.html]
[taotajima.jp/works/reiji-no-machi/index.html]
[taotajima.jp/works/Sarazanmai/index.html]
[taotajima.jp/works/the-9d-project/index.html]
[taotajima.jp/works/mtv-ultrahits/index.html]
[taotajima.jp/works/xperia-ear-duo/index.html]
[taotajima.jp/works/techne/index.html]
[taotajima.jp/works/stripe-intl/index.html]
[taotajima.jp/works/itsuka-no-hoshi/index.html]
[taotajima.jp/works/bravia-2017/index.html]
[taotajima.jp/js/lib-body.pack.min.js]
[taotajima.jp/works/asa-dan/index.html]
[taotajima.jp/works/waxing-moon/index.html]
[taotajima.jp/works/xperia-ear/index.html]
[taotajima.jp/works/sstv/index.html]
[taotajima.jp/about/manifest.html]
[taotajima.jp/works/manifest.html]
[taotajima.jp/works/night-stroll/manifest.html]
[taotajima.jp/works/MN/manifest.html]
[taotajima.jp/works/prism/manifest.html]
[taotajima.jp/works/ATTESA/manifest.html]
[taotajima.jp/works/AJINOMOTO/manifest.html]
[taotajima.jp/works/Magic/manifest.html]
[taotajima.jp/works/reiji-no-machi/manifest.html]
[taotajima.jp/works/Sarazanmai/manifest.html]
[taotajima.jp/works/the-9d-project/manifest.html]
[taotajima.jp/works/mtv-ultrahits/manifest.html]
[taotajima.jp/works/xperia-ear-duo/manifest.html]
[taotajima.jp/works/techne/manifest.html]
[taotajima.jp/works/stripe-intl/manifest.html]
[taotajima.jp/works/itsuka-no-hoshi/manifest.html]
[taotajima.jp/works/bravia-2017/manifest.html]
[taotajima.jp/works/asa-dan/manifest.html]
[taotajima.jp/works/waxing-moon/manifest.html]
[taotajima.jp/works/xperia-ear/manifest.html]
[taotajima.jp/works/sstv/manifest.html]
