[backblue.gif]
[fade.gif]
[index.html]
[lactalis.com.br/wp-content/themes/astrusweb/favicon.png]
[lactalis.com.br/wp-content/themes/astrusweb/assets/js/textDimensions.js]
[lactalis.com.br/wp-includes/js/jquery/jquery4a5f.js]
[lactalis.com.br/wp-includes/js/jquery/jquery-migrate330a.js]
[lactalis.com.br/wp-content/uploads/2023/03/KV-JUSTICEIRAS2-07.png]
[lactalis.com.br/wp-content/uploads/2018/11/banner1.jpg]
[lactalis.com.br/wp-content/uploads/2018/11/banner_home_lactalis3-cópia.jpg]
[lactalis.com.br/wp-content/uploads/2023/03/O-PREFERIDO-DO-MERCADO.png]
[lactalis.com.br/wp-content/uploads/2023/03/parceria-lactalis-site.png]
[lactalis.com.br/wp-content/uploads/2023/03/MicrosoftTeams-image-75-scaled.jpg]
[lactalis.com.br/wp-content/uploads/2018/12/produtor.jpg]
[lactalis.com.br/wp-content/uploads/2018/12/foto_receitas_ok.png]
[lactalis.com.br/wp-content/uploads/2018/12/foto_receitas_canudinho.png]
[lactalis.com.br/wp-content/uploads/2018/12/foto_receitas_foundue.png]
[lactalis.com.br/wp-content/uploads/2018/12/foto_receitas_camembert.png]
[lactalis.com.br/wp-content/uploads/2018/12/foto_receitas_emmental.png]
[lactalis.com.br/wp-content/uploads/2018/12/foto_receitas_risoto.png]
[lactalis.com.br/wp-content/uploads/2018/11/Président.png]
[lactalis.com.br/wp-content/uploads/2019/01/President_Professional-e1552304407207.jpg]
[lactalis.com.br/wp-content/uploads/2019/01/parmalat_logo-e1550748349226.png]
[lactalis.com.br/wp-content/uploads/2018/11/Elegê.png]
[lactalis.com.br/wp-content/uploads/2018/11/Batavo.png]
[lactalis.com.br/wp-content/uploads/2020/01/itambé-logo.jpg]
[lactalis.com.br/wp-content/uploads/2018/12/Cotoches-agora-vai.png]
[lactalis.com.br/wp-content/uploads/2018/12/Boa-nata.png]
[lactalis.com.br/wp-content/uploads/2018/12/Galbani-teste.png]
[lactalis.com.br/wp-content/uploads/2018/12/Poços-de-calda.png]
[lactalis.com.br/wp-content/uploads/2018/12/Santa-Rosa.png]
[lactalis.com.br/wp-content/uploads/2018/12/DoBon.png]
[lactalis.com.br/wp-content/uploads/2019/01/logo_societe_lactalis.png]
[lactalis.com.br/wp-content/themes/astrusweb/assets/js/vendor.js]
[cdnjs.cloudflare.com/ajax/libs/gsap/1.20.2/TweenMax.min.js]
[lactalis.com.br/wp-content/themes/astrusweb/assets/js/jQuery-Mask-Plugin-master/dist/jquery.mask.min.js]
[lactalis.com.br/wp-content/themes/astrusweb/assets/js/modernizr-2.6.2.min4e44.js]
[lactalis.com.br/wp-content/themes/astrusweb/assets/js/add-to-homescreen4e44.js]
[lactalis.com.br/wp-content/themes/astrusweb/assets/js/login73ad.js]
[lactalis.com.br/wp-content/themes/astrusweb/assets/js/default73ad.js]
[lactalis.com.br/wp-content/plugins/gdpr-cookie-compliance/dist/scripts/main5859.js]
[lactalis.com.br/wp-includes/js/wp-embedc225.js]
[lactalis.com.br/wp-content/uploads/2019/01/logo_lactalis_brasil-300x100.png]
[lactalis.com.br/pt/index.html]
[lactalis.com.br/wp-content/themes/astrusweb/ios_icon.html]
[lactalis.com.br/wp-includes/css/dist/block-library/stylec225.css]
[lactalis.com.br/wp-content/themes/astrusweb/assets/css/vendorc225.css]
[lactalis.com.br/wp-content/themes/astrusweb/stylec225.css]
[lactalis.com.br/wp-content/themes/astrusweb/assets/css/add-to-homescreenc225.css]
[lactalis.com.br/wp-content/themes/astrusweb/assets/images/toplogo.png]
[lactalis.com.br/wp-content/themes/astrusweb/assets/images/bottomlogo.png]
[lactalis.com.br/wp-content/themes/astrusweb/assets/images/bright.png]
[lactalis.com.br/wp-content/themes/astrusweb/assets/images/bleft.png]
[lactalis.com.br/wp-content/themes/astrusweb/assets/images/logo.png]
[lactalis.com.br/wp-content/themes/astrusweb/assets/images/arrowdblue.png]
[lactalis.com.br/wp-content/themes/astrusweb/assets/images/fra.png]
[lactalis.com.br/wp-content/themes/astrusweb/assets/images/arrowdgr.png]
[lactalis.com.br/wp-content/themes/astrusweb/assets/images/bra.png]
[lactalis.com.br/wp-content/themes/astrusweb/assets/images/closeb.png]
[lactalis.com.br/wp-content/themes/astrusweb/assets/images/astrusweb.png]
[lactalis.com.br/wp-content/themes/astrusweb/assets/images/zigzag.png]
[lactalis.com.br/wp-content/themes/astrusweb/assets/images/redes/twitter.png]
[lactalis.com.br/wp-content/themes/astrusweb/assets/images/redes/instagram.png]
[lactalis.com.br/wp-content/themes/astrusweb/assets/images/redes/facebook.png]
[lactalis.com.br/wp-content/themes/astrusweb/assets/images/redes/linkedin.png]
[lactalis.com.br/wp-content/themes/astrusweb/assets/images/linetime.png]
[lactalis.com.br/wp-content/themes/astrusweb/assets/images/voltar.png]
[lactalis.com.br/wp-content/themes/astrusweb/assets/images/backgroundfalecom.png]
[lactalis.com.br/wp-content/themes/astrusweb/assets/images/backgroundanother.png]
[lactalis.com.br/wp-content/themes/astrusweb/assets/images/arrowleft.png]
[lactalis.com.br/wp-content/themes/astrusweb/assets/images/arrowright.png]
[lactalis.com.br/wp-content/themes/astrusweb/assets/images/nextlocale.png]
[lactalis.com.br/wp-content/themes/astrusweb/assets/images/searchico.png]
[lactalis.com.br/wp-content/themes/astrusweb/assets/images/downloadico.png]
[lactalis.com.br/wp-content/themes/astrusweb/assets/images/backgroundmapahome.png]
[lactalis.com.br/wp-content/themes/astrusweb/assets/images/mapahomemundo.png]
[lactalis.com.br/wp-content/themes/astrusweb/assets/images/point.png]
[lactalis.com.br/wp-content/themes/astrusweb/assets/images/closemap.png]
[lactalis.com.br/wp-content/themes/astrusweb/assets/images/nossahistoria.png]
[lactalis.com.br/wp-content/themes/astrusweb/assets/images/backgroundprodutor.png]
[lactalis.com.br/wp-content/themes/astrusweb/assets/images/backgroundgaleria.png]
[lactalis.com.br/wp-content/themes/astrusweb/assets/images/squareeffect.png]
[lactalis.com.br/wp-content/themes/astrusweb/assets/images/backgroundblog.png]
[lactalis.com.br/wp-content/themes/astrusweb/assets/images/backgroundcounter.jpg]
[lactalis.com.br/wp-content/themes/astrusweb/assets/images/backgroundanotherone.png]
[lactalis.com.br/wp-content/themes/astrusweb/assets/images/centerbackground.png]
[lactalis.com.br/wp-content/themes/astrusweb/assets/images/backgroundprd.png]
[lactalis.com.br/wp-content/themes/astrusweb/assets/images/checkico.png]
[lactalis.com.br/wp-content/themes/astrusweb/assets/images/backgroundpopup.png]
[lactalis.com.br/wp-content/themes/astrusweb/assets/images/bar.png]
[lactalis.com.br/wp-content/themes/astrusweb/assets/images/user.png]
[lactalis.com.br/wp-content/themes/astrusweb/assets/images/close.png]
[lactalis.com.br/wp-content/themes/astrusweb/assets/css/mainc225.css]
[lactalis.com.br/wp-content/plugins/gdpr-cookie-compliance/dist/styles/gdpr-main5859.css]
[www.googletagmanager.com/gtm5445.html]
[lactalis.com.br/wp-content/uploads/2018/12/quemsomos.jpg]
[lactalis.com.br/wp-content/uploads/2018/12/bannerquemsomos-1.jpg]
[lactalis.com.br/wp-content/uploads/2018/12/infoaddquemsomos.jpg]
[lactalis.com.br/pt/quem-somos/index.html]
[lactalis.com.br/wp-content/themes/astrusweb/assets/images/backgroundhistoria.png]
[lactalis.com.br/wp-content/uploads/2018/12/01-4.png]
[lactalis.com.br/wp-content/uploads/2018/12/President-Qjo-Camembert-Lata-125g-1-e1547665822230.jpg]
[lactalis.com.br/wp-content/uploads/2018/12/04.png]
[lactalis.com.br/wp-content/uploads/2018/12/queijo.png]
[lactalis.com.br/wp-content/uploads/2018/12/logo_parmalat_historia-1.png]
[lactalis.com.br/wp-content/uploads/2018/12/03-3.png]
[lactalis.com.br/wp-content/uploads/2018/12/Elegê-Garrafa-crédito-Leticia-Szczesny-e1547666372707.jpg]
[lactalis.com.br/pt/nossa-historia/index.html]
[lactalis.com.br/wp-content/uploads/2018/12/Foto-para-dica-vacas-secas-cred-ito-ChristinaFelsing-Istock.jpg]
[lactalis.com.br/wp-content/uploads/2018/12/DSC08991.jpg]
[lactalis.com.br/pt/dicas-do-tecnico/index.html]
[lactalis.com.br/wp-content/uploads/2018/12/trabalheconosco.png]
[lactalis.com.br/wp-content/uploads/2018/12/banner_trabalheconosco2.png]
[lactalis.com.br/wp-content/uploads/2018/12/imginferior.jpg]
[lactalis.com.br/pt/institucional-trabalhe-conosco/index.html]
[lactalis.com.br/pt/noticias-lactalis/indexe363.html]
[lactalis.com.br/wp-content/uploads/2023/03/IMG_0330.jpg]
[lactalis.com.br/wp-content/uploads/2023/02/WhatsApp-Image-2023-02-16-at-09.37.16.jpg]
[lactalis.com.br/wp-content/uploads/2022/12/Patrick_Sauvageot_creditoPedroMachado_44meia.png]
[lactalis.com.br/wp-content/uploads/2023/02/produtor2.jpg]
[lactalis.com.br/wp-content/uploads/2022/10/Fabrício-Maraschin-scaled.jpg]
[lactalis.com.br/wp-content/uploads/2022/09/Crédito-Mauricio-Coser-scaled-e1663850165474.jpg]
[lactalis.com.br/wp-content/uploads/2022/09/Image-Elegê.png]
[lactalis.com.br/wp-content/uploads/2022/09/Sem-título-7-1.png]
[lactalis.com.br/wp-content/uploads/2021/11/SiteLACTALIS.jpg]
[lactalis.com.br/wp-content/uploads/2021/06/Carolina-Jardine.jpg]
[lactalis.com.br/wp-content/uploads/2021/03/cativa.png]
[lactalis.com.br/wp-content/uploads/2021/01/Carolina-Jardine.png]
[lactalis.com.br/wp-content/uploads/2020/11/Lactalis-Prêmio.png]
[lactalis.com.br/wp-content/uploads/2020/05/foto-caminhão-le.jpg]
[lactalis.com.br/wp-content/uploads/2020/05/foto-nãodemita-site.jpg]
[lactalis.com.br/wp-content/uploads/2020/05/Padre-Cacique-6-Sandro-Oliveira-1024x576.jpg]
[lactalis.com.br/wp-content/uploads/2020/05/Padre-Cacique-4-sandro-oliveira.jpg]
[lactalis.com.br/wp-content/uploads/2020/05/Divina-4.jpg]
[lactalis.com.br/wp-content/uploads/2020/05/Pão-dos-Pobres-4-1-1024x576.jpg]
[lactalis.com.br/pt/noticias-lactalis/index1cf7.html]
[lactalis.com.br/wp-content/themes/astrusweb/assets/images/background2.png]
[lactalis.com.br/wp-content/uploads/2018/12/Captura-de-Tela-2022-08-26-às-17.06.05.png]
[lactalis.com.br/wp-content/uploads/2018/12/rev1-1.jpg]
[lactalis.com.br/wp-content/uploads/2018/12/rev2-1.jpg]
[lactalis.com.br/wp-content/uploads/2018/12/rev3-1.jpg]
[lactalis.com.br/wp-content/uploads/2018/12/rev4-1.jpg]
[lactalis.com.br/wp-content/uploads/2018/12/Captura-de-Tela-2019-09-26-às-13.18.47.png]
[lactalis.com.br/wp-content/uploads/2018/12/Captura-de-Tela-2020-02-13-às-15.56.23.png]
[lactalis.com.br/wp-content/uploads/2018/12/capa-1.jpg]
[lactalis.com.br/wp-content/uploads/2018/12/capa_revista.jpg]
[lactalis.com.br/wp-content/uploads/2018/12/0001.jpg]
[lactalis.com.br/pt/publicacoes/index.html]
[lactalis.com.br/pt/forte-e-responsavel/index.html]
[lactalis.com.br/wp-content/themes/astrusweb/assets/images/backgroundcontato.png]
[lactalis.com.br/pt/contato/index.html]
[lactalis.com.br/wp-content/uploads/2018/12/IMG_9999_41compressed.jpg]
[lactalis.com.br/pt/nossas-marcas/index.html]
[lactalis.com.br/wp-content/uploads/2018/12/baller_produtor_lactalis.png]
[lactalis.com.br/pt/produtor-lactalis/index.html]
[lactalis.com.br/pt/noticias-lactalis/index.html]
[lactalis.com.br/wp-content/themes/astrusweb/assets/css/owl.video.play.html]
[lactalis.com.br/wp-content/uploads/2020/04/Lactalis-no-Instagram-4.png]
[lactalis.com.br/wp-content/uploads/2020/04/lactalis.png]
[lactalis.com.br/wp-content/uploads/2020/03/WhatsApp-Image-2020-03-22-at-21.12.15-1.jpg]
[lactalis.com.br/wp-content/uploads/2019/08/lac.jpg]
[lactalis.com.br/wp-content/uploads/2018/12/dica4.jpg]
[lactalis.com.br/wp-content/uploads/2019/01/istock-465230085_qe8Vbr0.jpg]
[lactalis.com.br/wp-content/uploads/2018/12/dica3.jpg]
[lactalis.com.br/wp-content/uploads/2018/12/Notícia-Prática-de-Manejo-de-Forrageiras-crédito-Leticia-Szczesny.jpg]
[lactalis.com.br/wp-content/uploads/2018/12/Notícia-fábrica-de-Teutônia-crédito-Leticia-Szczesny.jpg]
[lactalis.com.br/wp-content/uploads/2018/12/Notícia-Empresa-Amiga-da-Justiça-André-Salles-crédito-Carolina-Jardine.jpg]
[lactalis.com.br/wp-content/uploads/2018/12/Notícia-Manejo-adequada-resultado-em-leite-de-maior-qualidade-crédito-Carolina-Jardine.jpg]
[lactalis.com.br/wp-content/uploads/2018/12/Asilo-Padre-Cacique-notícia-doação-de-leite.jpg]
[lactalis.com.br/wp-content/uploads/2018/11/Elegê-Garrafa-crédito-Leticia-Szczesny.jpg]
[lactalis.com.br/wp-content/uploads/2019/07/logo_lactalis_brasil-300x101.jpg]
[lactalis.com.br/pt/noticias-lactalis/page/2/index1cf7.html]
[lactalis.com.br/pt/noticias-lactalis/page/2/index.html]
[dev.lactalis.astrusweb.dataware.com.br/wp-content/uploads/2018/12/01-canudinho-300x169.png]
[dev.lactalis.astrusweb.dataware.com.br/wp-content/uploads/2018/12/canudinho-em-preparo-3-300x200.jpg]
