[sites.google.com/view/deusadoshi.html]
[backblue.gif]
[fade.gif]
[index.html]
[apis.google.com/js/clientc932.js]
[sites.google.com/view/deusadoshi/nicole-doshi.html]
[sites.google.com/view/deusadoshi/fotos.html]
[sites.google.com/view/deusadoshi/videos-leves.html]
[sites.google.com/view/deusadoshi.html]
[sites.google.com/view/deusadoshi/nicole-doshi.html]
[sites.google.com/view/deusadoshi/videos-pesados.html]
[sites.google.com/view/deusadoshi/nicole-na-cama.html]
[sites.google.com/view/deusadoshi/aeromoça.html]
[sites.google.com/view/deusadoshi/botas-pretas.html]
[sites.google.com/view/deusadoshi/maiô-preto.html]
[sites.google.com/view/deusadoshi/bikini-cor-de-rosa.html]
[sites.google.com/view/deusadoshi/meia-calça-branca.html]
[sites.google.com/view/deusadoshi/bikini-preto.html]
[sites.google.com/view/deusadoshi/fetish-vermelho.html]
[sites.google.com/view/deusadoshi/latex-preto.html]
[sites.google.com/view/deusadoshi/asian-lesbian.html]
[sites.google.com/view/deusadoshi/vestido-branco-e-rosa.html]
[sites.google.com/view/deusadoshi/cor-de-rosa.html]
[sites.google.com/view/deusadoshi/colegial.html]
[sites.google.com/view/deusadoshi/vestido-branco.html]
[sites.google.com/view/deusadoshi/fotos.html]
[sites.google.com/view/deusadoshi/videos-leves.html]
[sites.google.com/view/deusadoshi/videos-pesados.html]
[sites.google.com/view/deusadoshi/nicole-na-cama.html]
[sites.google.com/view/deusadoshi/aeromoça.html]
[sites.google.com/view/deusadoshi/botas-pretas.html]
[sites.google.com/view/deusadoshi/maiô-preto.html]
[sites.google.com/view/deusadoshi/bikini-cor-de-rosa.html]
[sites.google.com/view/deusadoshi/meia-calça-branca.html]
[sites.google.com/view/deusadoshi/bikini-preto.html]
[sites.google.com/view/deusadoshi/fetish-vermelho.html]
[sites.google.com/view/deusadoshi/latex-preto.html]
[sites.google.com/view/deusadoshi/asian-lesbian.html]
[sites.google.com/view/deusadoshi/vestido-branco-e-rosa.html]
[sites.google.com/view/deusadoshi/cor-de-rosa.html]
[sites.google.com/view/deusadoshi/colegial.html]
[sites.google.com/view/deusadoshi/vestido-branco.html]
[sites.google.com/view/deusadoshi/i-love-anal.html]
[sites.google.com/view/deusadoshi/i-love-anal.html]
